[     319ms] [LOG] [Fast Refresh] rebuilding @ http://localhost:3217/_next/static/chunks/node_modules_next_dist_1e8vcs8._.js:776
[     680ms] [LOG] [Fast Refresh] done in 464ms @ http://localhost:3217/_next/static/chunks/node_modules_next_dist_1e8vcs8._.js:776
[    1315ms] [INFO] %cDownload the React DevTools for a better development experience: https://react.dev/link/react-devtools font-weight:bold @ http://localhost:3217/_next/static/chunks/node_modules_next_dist_1e8vcs8._.js:776
[    1329ms] [LOG] [HMR] connected @ http://localhost:3217/_next/static/chunks/node_modules_next_dist_1e8vcs8._.js:776
[   18371ms] [LOG] [Fast Refresh] rebuilding @ http://localhost:3217/_next/static/chunks/node_modules_next_dist_1e8vcs8._.js:776
[   18890ms] [LOG] [Fast Refresh] done in 621ms @ http://localhost:3217/_next/static/chunks/node_modules_next_dist_1e8vcs8._.js:776
[   19453ms] [INFO] %cDownload the React DevTools for a better development experience: https://react.dev/link/react-devtools font-weight:bold @ http://localhost:3217/_next/static/chunks/node_modules_next_dist_1e8vcs8._.js:776
[   19462ms] [LOG] [HMR] connected @ http://localhost:3217/_next/static/chunks/node_modules_next_dist_1e8vcs8._.js:776
[   22304ms] [INFO] %cDownload the React DevTools for a better development experience: https://react.dev/link/react-devtools font-weight:bold @ http://localhost:3217/_next/static/chunks/node_modules_next_dist_1e8vcs8._.js:776
[   22314ms] [LOG] [HMR] connected @ http://localhost:3217/_next/static/chunks/node_modules_next_dist_1e8vcs8._.js:776
[   24298ms] [INFO] %cDownload the React DevTools for a better development experience: https://react.dev/link/react-devtools font-weight:bold @ http://localhost:3217/_next/static/chunks/node_modules_next_dist_1e8vcs8._.js:776
[   24308ms] [LOG] [HMR] connected @ http://localhost:3217/_next/static/chunks/node_modules_next_dist_1e8vcs8._.js:776
[   26058ms] [LOG] [Fast Refresh] rebuilding @ http://localhost:3217/_next/static/chunks/node_modules_next_dist_1e8vcs8._.js:776
[   26696ms] [LOG] [Fast Refresh] done in 740ms @ http://localhost:3217/_next/static/chunks/node_modules_next_dist_1e8vcs8._.js:776
[   27233ms] [INFO] %cDownload the React DevTools for a better development experience: https://react.dev/link/react-devtools font-weight:bold @ http://localhost:3217/_next/static/chunks/node_modules_next_dist_1e8vcs8._.js:776
[   27243ms] [LOG] [HMR] connected @ http://localhost:3217/_next/static/chunks/node_modules_next_dist_1e8vcs8._.js:776
[   27967ms] [WARNING] Realtime send() is automatically falling back to REST API. This behavior will be deprecated in the future. Please use httpSend() explicitly for REST delivery. @ http://localhost:3217/_next/static/chunks/node_modules_next_dist_1e8vcs8._.js:776
[   30228ms] [LOG] [Fast Refresh] rebuilding @ http://localhost:3217/_next/static/chunks/node_modules_next_dist_1e8vcs8._.js:776
[   30290ms] [LOG] [Fast Refresh] done in 165ms @ http://localhost:3217/_next/static/chunks/node_modules_next_dist_1e8vcs8._.js:776
[   30824ms] [INFO] %cDownload the React DevTools for a better development experience: https://react.dev/link/react-devtools font-weight:bold @ http://localhost:3217/_next/static/chunks/node_modules_next_dist_1e8vcs8._.js:776
[   30835ms] [LOG] [HMR] connected @ http://localhost:3217/_next/static/chunks/node_modules_next_dist_1e8vcs8._.js:776
[   31421ms] [INFO] %cDownload the React DevTools for a better development experience: https://react.dev/link/react-devtools font-weight:bold @ http://localhost:3217/_next/static/chunks/node_modules_next_dist_1e8vcs8._.js:776
[   31432ms] [LOG] [HMR] connected @ http://localhost:3217/_next/static/chunks/node_modules_next_dist_1e8vcs8._.js:776
[   31736ms] [LOG] [Fast Refresh] rebuilding @ http://localhost:3217/_next/static/chunks/node_modules_next_dist_1e8vcs8._.js:776
[   31786ms] [LOG] [Fast Refresh] done in 152ms @ http://localhost:3217/_next/static/chunks/node_modules_next_dist_1e8vcs8._.js:776
[   32325ms] [INFO] %cDownload the React DevTools for a better development experience: https://react.dev/link/react-devtools font-weight:bold @ http://localhost:3217/_next/static/chunks/node_modules_next_dist_1e8vcs8._.js:776
[   32336ms] [LOG] [HMR] connected @ http://localhost:3217/_next/static/chunks/node_modules_next_dist_1e8vcs8._.js:776
[   33305ms] [LOG] [Fast Refresh] rebuilding @ http://localhost:3217/_next/static/chunks/node_modules_next_dist_1e8vcs8._.js:776
[   33358ms] [LOG] [Fast Refresh] done in 154ms @ http://localhost:3217/_next/static/chunks/node_modules_next_dist_1e8vcs8._.js:776
[   33864ms] [INFO] %cDownload the React DevTools for a better development experience: https://react.dev/link/react-devtools font-weight:bold @ http://localhost:3217/_next/static/chunks/node_modules_next_dist_1e8vcs8._.js:776
[   33874ms] [LOG] [HMR] connected @ http://localhost:3217/_next/static/chunks/node_modules_next_dist_1e8vcs8._.js:776
[   34516ms] [INFO] %cDownload the React DevTools for a better development experience: https://react.dev/link/react-devtools font-weight:bold @ http://localhost:3217/_next/static/chunks/node_modules_next_dist_1e8vcs8._.js:776
[   34527ms] [LOG] [HMR] connected @ http://localhost:3217/_next/static/chunks/node_modules_next_dist_1e8vcs8._.js:776
[   34825ms] [LOG] [Fast Refresh] rebuilding @ http://localhost:3217/_next/static/chunks/node_modules_next_dist_1e8vcs8._.js:776
[   34868ms] [LOG] [Fast Refresh] done in 144ms @ http://localhost:3217/_next/static/chunks/node_modules_next_dist_1e8vcs8._.js:776
[   35187ms] [WARNING] Realtime send() is automatically falling back to REST API. This behavior will be deprecated in the future. Please use httpSend() explicitly for REST delivery. @ http://localhost:3217/_next/static/chunks/node_modules_next_dist_1e8vcs8._.js:776
[   35475ms] [INFO] %cDownload the React DevTools for a better development experience: https://react.dev/link/react-devtools font-weight:bold @ http://localhost:3217/_next/static/chunks/node_modules_next_dist_1e8vcs8._.js:776
[   35484ms] [LOG] [HMR] connected @ http://localhost:3217/_next/static/chunks/node_modules_next_dist_1e8vcs8._.js:776
[   35977ms] [INFO] %cDownload the React DevTools for a better development experience: https://react.dev/link/react-devtools font-weight:bold @ http://localhost:3217/_next/static/chunks/node_modules_next_dist_1e8vcs8._.js:776
[   35988ms] [LOG] [HMR] connected @ http://localhost:3217/_next/static/chunks/node_modules_next_dist_1e8vcs8._.js:776
[   36434ms] [INFO] %cDownload the React DevTools for a better development experience: https://react.dev/link/react-devtools font-weight:bold @ http://localhost:3217/_next/static/chunks/node_modules_next_dist_1e8vcs8._.js:776
[   36446ms] [LOG] [HMR] connected @ http://localhost:3217/_next/static/chunks/node_modules_next_dist_1e8vcs8._.js:776
[   50712ms] [INFO] %cDownload the React DevTools for a better development experience: https://react.dev/link/react-devtools font-weight:bold @ http://localhost:3217/_next/static/chunks/node_modules_next_dist_1e8vcs8._.js:776
[   50725ms] [LOG] [HMR] connected @ http://localhost:3217/_next/static/chunks/node_modules_next_dist_1e8vcs8._.js:776
[   53018ms] [INFO] %cDownload the React DevTools for a better development experience: https://react.dev/link/react-devtools font-weight:bold @ http://localhost:3217/_next/static/chunks/node_modules_next_dist_1e8vcs8._.js:776
[   53029ms] [LOG] [HMR] connected @ http://localhost:3217/_next/static/chunks/node_modules_next_dist_1e8vcs8._.js:776
[   54738ms] [INFO] %cDownload the React DevTools for a better development experience: https://react.dev/link/react-devtools font-weight:bold @ http://localhost:3217/_next/static/chunks/node_modules_next_dist_1e8vcs8._.js:776
[   54761ms] [LOG] [HMR] connected @ http://localhost:3217/_next/static/chunks/node_modules_next_dist_1e8vcs8._.js:776
[   56507ms] [INFO] %cDownload the React DevTools for a better development experience: https://react.dev/link/react-devtools font-weight:bold @ http://localhost:3217/_next/static/chunks/node_modules_next_dist_1e8vcs8._.js:776
[   56515ms] [LOG] [HMR] connected @ http://localhost:3217/_next/static/chunks/node_modules_next_dist_1e8vcs8._.js:776
[   57126ms] [WARNING] Realtime send() is automatically falling back to REST API. This behavior will be deprecated in the future. Please use httpSend() explicitly for REST delivery. @ http://localhost:3217/_next/static/chunks/node_modules_next_dist_1e8vcs8._.js:776
[   59594ms] [INFO] %cDownload the React DevTools for a better development experience: https://react.dev/link/react-devtools font-weight:bold @ http://localhost:3217/_next/static/chunks/node_modules_next_dist_1e8vcs8._.js:776
[   59603ms] [LOG] [HMR] connected @ http://localhost:3217/_next/static/chunks/node_modules_next_dist_1e8vcs8._.js:776
[   60191ms] [INFO] %cDownload the React DevTools for a better development experience: https://react.dev/link/react-devtools font-weight:bold @ http://localhost:3217/_next/static/chunks/node_modules_next_dist_1e8vcs8._.js:776
[   60200ms] [LOG] [HMR] connected @ http://localhost:3217/_next/static/chunks/node_modules_next_dist_1e8vcs8._.js:776
[   60689ms] [INFO] %cDownload the React DevTools for a better development experience: https://react.dev/link/react-devtools font-weight:bold @ http://localhost:3217/_next/static/chunks/node_modules_next_dist_1e8vcs8._.js:776
[   60698ms] [LOG] [HMR] connected @ http://localhost:3217/_next/static/chunks/node_modules_next_dist_1e8vcs8._.js:776
[   61297ms] [INFO] %cDownload the React DevTools for a better development experience: https://react.dev/link/react-devtools font-weight:bold @ http://localhost:3217/_next/static/chunks/node_modules_next_dist_1e8vcs8._.js:776
[   61305ms] [LOG] [HMR] connected @ http://localhost:3217/_next/static/chunks/node_modules_next_dist_1e8vcs8._.js:776
[   61740ms] [INFO] %cDownload the React DevTools for a better development experience: https://react.dev/link/react-devtools font-weight:bold @ http://localhost:3217/_next/static/chunks/node_modules_next_dist_1e8vcs8._.js:776
[   61749ms] [LOG] [HMR] connected @ http://localhost:3217/_next/static/chunks/node_modules_next_dist_1e8vcs8._.js:776
[   62900ms] [INFO] %cDownload the React DevTools for a better development experience: https://react.dev/link/react-devtools font-weight:bold @ http://localhost:3217/_next/static/chunks/node_modules_next_dist_1e8vcs8._.js:776
[   62908ms] [LOG] [HMR] connected @ http://localhost:3217/_next/static/chunks/node_modules_next_dist_1e8vcs8._.js:776
[   64148ms] [INFO] %cDownload the React DevTools for a better development experience: https://react.dev/link/react-devtools font-weight:bold @ http://localhost:3217/_next/static/chunks/node_modules_next_dist_1e8vcs8._.js:776
[   64156ms] [LOG] [HMR] connected @ http://localhost:3217/_next/static/chunks/node_modules_next_dist_1e8vcs8._.js:776
[   91343ms] [INFO] %cDownload the React DevTools for a better development experience: https://react.dev/link/react-devtools font-weight:bold @ http://localhost:3217/_next/static/chunks/node_modules_next_dist_1e8vcs8._.js:776
[   91354ms] [LOG] [HMR] connected @ http://localhost:3217/_next/static/chunks/node_modules_next_dist_1e8vcs8._.js:776
[   92051ms] [INFO] %cDownload the React DevTools for a better development experience: https://react.dev/link/react-devtools font-weight:bold @ http://localhost:3217/_next/static/chunks/node_modules_next_dist_1e8vcs8._.js:776
[   92064ms] [LOG] [HMR] connected @ http://localhost:3217/_next/static/chunks/node_modules_next_dist_1e8vcs8._.js:776
[   92823ms] [WARNING] Realtime send() is automatically falling back to REST API. This behavior will be deprecated in the future. Please use httpSend() explicitly for REST delivery. @ http://localhost:3217/_next/static/chunks/node_modules_next_dist_1e8vcs8._.js:776
[   95025ms] [INFO] %cDownload the React DevTools for a better development experience: https://react.dev/link/react-devtools font-weight:bold @ http://localhost:3217/_next/static/chunks/node_modules_next_dist_1e8vcs8._.js:776
[   95032ms] [LOG] [HMR] connected @ http://localhost:3217/_next/static/chunks/node_modules_next_dist_1e8vcs8._.js:776
[   95530ms] [INFO] %cDownload the React DevTools for a better development experience: https://react.dev/link/react-devtools font-weight:bold @ http://localhost:3217/_next/static/chunks/node_modules_next_dist_1e8vcs8._.js:776
[   95539ms] [LOG] [HMR] connected @ http://localhost:3217/_next/static/chunks/node_modules_next_dist_1e8vcs8._.js:776
[   96853ms] [WARNING] Realtime send() is automatically falling back to REST API. This behavior will be deprecated in the future. Please use httpSend() explicitly for REST delivery. @ http://localhost:3217/_next/static/chunks/node_modules_next_dist_1e8vcs8._.js:776
[   98416ms] [LOG] [Fast Refresh] rebuilding @ http://localhost:3217/_next/static/chunks/node_modules_next_dist_1e8vcs8._.js:776
[   98565ms] [LOG] [Fast Refresh] done in 252ms @ http://localhost:3217/_next/static/chunks/node_modules_next_dist_1e8vcs8._.js:776
[   99073ms] [INFO] %cDownload the React DevTools for a better development experience: https://react.dev/link/react-devtools font-weight:bold @ http://localhost:3217/_next/static/chunks/node_modules_next_dist_1e8vcs8._.js:776
[   99081ms] [LOG] [HMR] connected @ http://localhost:3217/_next/static/chunks/node_modules_next_dist_1e8vcs8._.js:776
[   99451ms] [LOG] [Fast Refresh] rebuilding @ http://localhost:3217/_next/static/chunks/node_modules_next_dist_1e8vcs8._.js:776
[   99493ms] [LOG] [Fast Refresh] done in 142ms @ http://localhost:3217/_next/static/chunks/node_modules_next_dist_1e8vcs8._.js:776
[  100007ms] [INFO] %cDownload the React DevTools for a better development experience: https://react.dev/link/react-devtools font-weight:bold @ http://localhost:3217/_next/static/chunks/node_modules_next_dist_1e8vcs8._.js:776
[  100015ms] [LOG] [HMR] connected @ http://localhost:3217/_next/static/chunks/node_modules_next_dist_1e8vcs8._.js:776
[  102687ms] [INFO] %cDownload the React DevTools for a better development experience: https://react.dev/link/react-devtools font-weight:bold @ http://localhost:3217/_next/static/chunks/node_modules_next_dist_1e8vcs8._.js:776
[  102698ms] [LOG] [HMR] connected @ http://localhost:3217/_next/static/chunks/node_modules_next_dist_1e8vcs8._.js:776
[  106341ms] [LOG] [Fast Refresh] rebuilding @ http://localhost:3217/_next/static/chunks/node_modules_next_dist_1e8vcs8._.js:776
[  106506ms] [LOG] [Fast Refresh] done in 268ms @ http://localhost:3217/_next/static/chunks/node_modules_next_dist_1e8vcs8._.js:776
[  107290ms] [INFO] %cDownload the React DevTools for a better development experience: https://react.dev/link/react-devtools font-weight:bold @ http://localhost:3217/_next/static/chunks/node_modules_next_dist_1e8vcs8._.js:776
[  107299ms] [LOG] [HMR] connected @ http://localhost:3217/_next/static/chunks/node_modules_next_dist_1e8vcs8._.js:776
[  109438ms] [LOG] [Fast Refresh] rebuilding @ http://localhost:3217/_next/static/chunks/node_modules_next_dist_1e8vcs8._.js:776
[  109471ms] [LOG] [Fast Refresh] done in 134ms @ http://localhost:3217/_next/static/chunks/node_modules_next_dist_1e8vcs8._.js:776
[  110101ms] [INFO] %cDownload the React DevTools for a better development experience: https://react.dev/link/react-devtools font-weight:bold @ http://localhost:3217/_next/static/chunks/node_modules_next_dist_1e8vcs8._.js:776
[  110109ms] [LOG] [HMR] connected @ http://localhost:3217/_next/static/chunks/node_modules_next_dist_1e8vcs8._.js:776
[  125291ms] [INFO] %cDownload the React DevTools for a better development experience: https://react.dev/link/react-devtools font-weight:bold @ http://localhost:3217/_next/static/chunks/node_modules_next_dist_1e8vcs8._.js:776
[  125307ms] [LOG] [HMR] connected @ http://localhost:3217/_next/static/chunks/node_modules_next_dist_1e8vcs8._.js:776
[  129996ms] [INFO] %cDownload the React DevTools for a better development experience: https://react.dev/link/react-devtools font-weight:bold @ http://localhost:3217/_next/static/chunks/node_modules_next_dist_1e8vcs8._.js:776
[  130006ms] [LOG] [HMR] connected @ http://localhost:3217/_next/static/chunks/node_modules_next_dist_1e8vcs8._.js:776
[  132757ms] [INFO] %cDownload the React DevTools for a better development experience: https://react.dev/link/react-devtools font-weight:bold @ http://localhost:3217/_next/static/chunks/node_modules_next_dist_1e8vcs8._.js:776
[  132767ms] [LOG] [HMR] connected @ http://localhost:3217/_next/static/chunks/node_modules_next_dist_1e8vcs8._.js:776
[  134615ms] [WARNING] Realtime send() is automatically falling back to REST API. This behavior will be deprecated in the future. Please use httpSend() explicitly for REST delivery. @ http://localhost:3217/_next/static/chunks/node_modules_next_dist_1e8vcs8._.js:776
[  137211ms] [INFO] %cDownload the React DevTools for a better development experience: https://react.dev/link/react-devtools font-weight:bold @ http://localhost:3217/_next/static/chunks/node_modules_next_dist_1e8vcs8._.js:776
[  137219ms] [LOG] [HMR] connected @ http://localhost:3217/_next/static/chunks/node_modules_next_dist_1e8vcs8._.js:776
[  141298ms] [INFO] %cDownload the React DevTools for a better development experience: https://react.dev/link/react-devtools font-weight:bold @ http://localhost:3217/_next/static/chunks/node_modules_next_dist_1e8vcs8._.js:776
[  141311ms] [LOG] [HMR] connected @ http://localhost:3217/_next/static/chunks/node_modules_next_dist_1e8vcs8._.js:776
[  145760ms] [INFO] %cDownload the React DevTools for a better development experience: https://react.dev/link/react-devtools font-weight:bold @ http://localhost:3217/_next/static/chunks/node_modules_next_dist_1e8vcs8._.js:776
[  145769ms] [LOG] [HMR] connected @ http://localhost:3217/_next/static/chunks/node_modules_next_dist_1e8vcs8._.js:776
[  146653ms] [WARNING] Realtime send() is automatically falling back to REST API. This behavior will be deprecated in the future. Please use httpSend() explicitly for REST delivery. @ http://localhost:3217/_next/static/chunks/node_modules_next_dist_1e8vcs8._.js:776
[  149268ms] [INFO] %cDownload the React DevTools for a better development experience: https://react.dev/link/react-devtools font-weight:bold @ http://localhost:3217/_next/static/chunks/node_modules_next_dist_1e8vcs8._.js:776
[  149277ms] [LOG] [HMR] connected @ http://localhost:3217/_next/static/chunks/node_modules_next_dist_1e8vcs8._.js:776
[  153217ms] [INFO] %cDownload the React DevTools for a better development experience: https://react.dev/link/react-devtools font-weight:bold @ http://localhost:3217/_next/static/chunks/node_modules_next_dist_1e8vcs8._.js:776
[  153225ms] [LOG] [HMR] connected @ http://localhost:3217/_next/static/chunks/node_modules_next_dist_1e8vcs8._.js:776
[  156094ms] [INFO] %cDownload the React DevTools for a better development experience: https://react.dev/link/react-devtools font-weight:bold @ http://localhost:3217/_next/static/chunks/node_modules_next_dist_1e8vcs8._.js:776
[  156102ms] [LOG] [HMR] connected @ http://localhost:3217/_next/static/chunks/node_modules_next_dist_1e8vcs8._.js:776
[  156773ms] [WARNING] Realtime send() is automatically falling back to REST API. This behavior will be deprecated in the future. Please use httpSend() explicitly for REST delivery. @ http://localhost:3217/_next/static/chunks/node_modules_next_dist_1e8vcs8._.js:776
[  159372ms] [INFO] %cDownload the React DevTools for a better development experience: https://react.dev/link/react-devtools font-weight:bold @ http://localhost:3217/_next/static/chunks/node_modules_next_dist_1e8vcs8._.js:776
[  159380ms] [LOG] [HMR] connected @ http://localhost:3217/_next/static/chunks/node_modules_next_dist_1e8vcs8._.js:776
[  163363ms] [INFO] %cDownload the React DevTools for a better development experience: https://react.dev/link/react-devtools font-weight:bold @ http://localhost:3217/_next/static/chunks/node_modules_next_dist_1e8vcs8._.js:776
[  163377ms] [LOG] [HMR] connected @ http://localhost:3217/_next/static/chunks/node_modules_next_dist_1e8vcs8._.js:776
[  166155ms] [INFO] %cDownload the React DevTools for a better development experience: https://react.dev/link/react-devtools font-weight:bold @ http://localhost:3217/_next/static/chunks/node_modules_next_dist_1e8vcs8._.js:776
[  166163ms] [LOG] [HMR] connected @ http://localhost:3217/_next/static/chunks/node_modules_next_dist_1e8vcs8._.js:776
[  166792ms] [WARNING] Realtime send() is automatically falling back to REST API. This behavior will be deprecated in the future. Please use httpSend() explicitly for REST delivery. @ http://localhost:3217/_next/static/chunks/node_modules_next_dist_1e8vcs8._.js:776
[  170047ms] [INFO] %cDownload the React DevTools for a better development experience: https://react.dev/link/react-devtools font-weight:bold @ http://localhost:3217/_next/static/chunks/node_modules_next_dist_1e8vcs8._.js:776
[  170056ms] [LOG] [HMR] connected @ http://localhost:3217/_next/static/chunks/node_modules_next_dist_1e8vcs8._.js:776
[  195677ms] [INFO] %cDownload the React DevTools for a better development experience: https://react.dev/link/react-devtools font-weight:bold @ http://localhost:3217/_next/static/chunks/node_modules_next_dist_1e8vcs8._.js:776
[  195686ms] [LOG] [HMR] connected @ http://localhost:3217/_next/static/chunks/node_modules_next_dist_1e8vcs8._.js:776
[  199070ms] [INFO] %cDownload the React DevTools for a better development experience: https://react.dev/link/react-devtools font-weight:bold @ http://localhost:3217/_next/static/chunks/node_modules_next_dist_1e8vcs8._.js:776
[  199083ms] [LOG] [HMR] connected @ http://localhost:3217/_next/static/chunks/node_modules_next_dist_1e8vcs8._.js:776
[  202472ms] [INFO] %cDownload the React DevTools for a better development experience: https://react.dev/link/react-devtools font-weight:bold @ http://localhost:3217/_next/static/chunks/node_modules_next_dist_1e8vcs8._.js:776
[  202482ms] [LOG] [HMR] connected @ http://localhost:3217/_next/static/chunks/node_modules_next_dist_1e8vcs8._.js:776
[  206519ms] [ERROR] WebSocket connection to 'ws://localhost:3217/_next/hmr?id=O9JpsE7-0aUye_lP8-QYe' failed: Error in connection establishment: net::ERR_CONNECTION_REFUSED @ http://localhost:3217/_next/static/chunks/node_modules_next_dist_client_0_90u2t._.js:16359
[  207528ms] [ERROR] WebSocket connection to 'ws://localhost:3217/_next/hmr?id=O9JpsE7-0aUye_lP8-QYe' failed: Error in connection establishment: net::ERR_CONNECTION_REFUSED @ http://localhost:3217/_next/static/chunks/node_modules_next_dist_client_0_90u2t._.js:16359
[  208536ms] [ERROR] WebSocket connection to 'ws://localhost:3217/_next/hmr?id=O9JpsE7-0aUye_lP8-QYe' failed: Error in connection establishment: net::ERR_CONNECTION_REFUSED @ http://localhost:3217/_next/static/chunks/node_modules_next_dist_client_0_90u2t._.js:16359
[  209543ms] [ERROR] WebSocket connection to 'ws://localhost:3217/_next/hmr?id=O9JpsE7-0aUye_lP8-QYe' failed: Error in connection establishment: net::ERR_CONNECTION_REFUSED @ http://localhost:3217/_next/static/chunks/node_modules_next_dist_client_0_90u2t._.js:16359
[  210548ms] [ERROR] WebSocket connection to 'ws://localhost:3217/_next/hmr?id=O9JpsE7-0aUye_lP8-QYe' failed: Error in connection establishment: net::ERR_CONNECTION_REFUSED @ http://localhost:3217/_next/static/chunks/node_modules_next_dist_client_0_90u2t._.js:16359
[  215554ms] [ERROR] WebSocket connection to 'ws://localhost:3217/_next/hmr?id=O9JpsE7-0aUye_lP8-QYe' failed: Error in connection establishment: net::ERR_CONNECTION_REFUSED @ http://localhost:3217/_next/static/chunks/node_modules_next_dist_client_0_90u2t._.js:16359
[  220567ms] [ERROR] WebSocket connection to 'ws://localhost:3217/_next/hmr?id=O9JpsE7-0aUye_lP8-QYe' failed: Error in connection establishment: net::ERR_CONNECTION_REFUSED @ http://localhost:3217/_next/static/chunks/node_modules_next_dist_client_0_90u2t._.js:16359
[  225584ms] [ERROR] WebSocket connection to 'ws://localhost:3217/_next/hmr?id=O9JpsE7-0aUye_lP8-QYe' failed: Error in connection establishment: net::ERR_CONNECTION_REFUSED @ http://localhost:3217/_next/static/chunks/node_modules_next_dist_client_0_90u2t._.js:16359
[  230615ms] [ERROR] WebSocket connection to 'ws://localhost:3217/_next/hmr?id=O9JpsE7-0aUye_lP8-QYe' failed: Error in connection establishment: net::ERR_CONNECTION_REFUSED @ http://localhost:3217/_next/static/chunks/node_modules_next_dist_client_0_90u2t._.js:16359
[  235657ms] [ERROR] WebSocket connection to 'ws://localhost:3217/_next/hmr?id=O9JpsE7-0aUye_lP8-QYe' failed: Error in connection establishment: net::ERR_CONNECTION_REFUSED @ http://localhost:3217/_next/static/chunks/node_modules_next_dist_client_0_90u2t._.js:16359
[  240701ms] [ERROR] WebSocket connection to 'ws://localhost:3217/_next/hmr?id=O9JpsE7-0aUye_lP8-QYe' failed: Error in connection establishment: net::ERR_CONNECTION_REFUSED @ http://localhost:3217/_next/static/chunks/node_modules_next_dist_client_0_90u2t._.js:16359
[  245819ms] [ERROR] WebSocket connection to 'ws://localhost:3217/_next/hmr?id=O9JpsE7-0aUye_lP8-QYe' failed: Error in connection establishment: net::ERR_CONNECTION_REFUSED @ http://localhost:3217/_next/static/chunks/node_modules_next_dist_client_0_90u2t._.js:16359
[ 4310900ms] [ERROR] Failed to load resource: the server responded with a status of 404 (Not Found) @ http://localhost:3217/dev-login?email=demo%2Bclient%40goodguys.test:0
[ 4313401ms] [INFO] %cDownload the React DevTools for a better development experience: https://react.dev/link/react-devtools font-weight:bold @ http://localhost:3217/_next/static/chunks/node_modules_next_dist_1e8vcs8._.js:776
[ 4313444ms] [LOG] [HMR] connected @ http://localhost:3217/_next/static/chunks/node_modules_next_dist_1e8vcs8._.js:776
[ 4318035ms] [INFO] %cDownload the React DevTools for a better development experience: https://react.dev/link/react-devtools font-weight:bold @ http://localhost:3217/_next/static/chunks/node_modules_next_dist_1e8vcs8._.js:776
[ 4318044ms] [LOG] [HMR] connected @ http://localhost:3217/_next/static/chunks/node_modules_next_dist_1e8vcs8._.js:776
[ 4345421ms] [ERROR] Failed to load resource: the server responded with a status of 404 (Not Found) @ http://localhost:3217/dev-login?email=demo%2Bclient%40goodguys.test:0
[ 4347058ms] [INFO] %cDownload the React DevTools for a better development experience: https://react.dev/link/react-devtools font-weight:bold @ http://localhost:3217/_next/static/chunks/node_modules_next_dist_1e8vcs8._.js:776
[ 4347071ms] [LOG] [HMR] connected @ http://localhost:3217/_next/static/chunks/node_modules_next_dist_1e8vcs8._.js:776
[ 4351925ms] [INFO] %cDownload the React DevTools for a better development experience: https://react.dev/link/react-devtools font-weight:bold @ http://localhost:3217/_next/static/chunks/node_modules_next_dist_1e8vcs8._.js:776
[ 4351941ms] [LOG] [HMR] connected @ http://localhost:3217/_next/static/chunks/node_modules_next_dist_1e8vcs8._.js:776
[ 4354681ms] [LOG] [Fast Refresh] rebuilding @ http://localhost:3217/_next/static/chunks/node_modules_next_dist_1e8vcs8._.js:776
[ 4354789ms] [ERROR] Failed to load resource: the server responded with a status of 404 (Not Found) @ http://localhost:3217/portal/goodguys-demo/p/bf4c4868-c038-4c8a-aea6-ecd9d430fa01/messages:0
[ 4354999ms] [INFO] %cDownload the React DevTools for a better development experience: https://react.dev/link/react-devtools font-weight:bold @ http://localhost:3217/_next/static/chunks/node_modules_next_dist_1e8vcs8._.js:776
[ 4355007ms] [LOG] [HMR] connected @ http://localhost:3217/_next/static/chunks/node_modules_next_dist_1e8vcs8._.js:776
[ 4388507ms] [INFO] %cDownload the React DevTools for a better development experience: https://react.dev/link/react-devtools font-weight:bold @ http://localhost:3217/_next/static/chunks/node_modules_next_dist_1e8vcs8._.js:776
[ 4388520ms] [LOG] [HMR] connected @ http://localhost:3217/_next/static/chunks/node_modules_next_dist_1e8vcs8._.js:776
[ 4389682ms] [INFO] %cDownload the React DevTools for a better development experience: https://react.dev/link/react-devtools font-weight:bold @ http://localhost:3217/_next/static/chunks/node_modules_next_dist_1e8vcs8._.js:776
[ 4389694ms] [LOG] [HMR] connected @ http://localhost:3217/_next/static/chunks/node_modules_next_dist_1e8vcs8._.js:776
[ 4392123ms] [INFO] %cDownload the React DevTools for a better development experience: https://react.dev/link/react-devtools font-weight:bold @ http://localhost:3217/_next/static/chunks/node_modules_next_dist_1e8vcs8._.js:776
[ 4392131ms] [LOG] [HMR] connected @ http://localhost:3217/_next/static/chunks/node_modules_next_dist_1e8vcs8._.js:776
[ 4396069ms] [INFO] %cDownload the React DevTools for a better development experience: https://react.dev/link/react-devtools font-weight:bold @ http://localhost:3217/_next/static/chunks/node_modules_next_dist_1e8vcs8._.js:776
[ 4396079ms] [LOG] [HMR] connected @ http://localhost:3217/_next/static/chunks/node_modules_next_dist_1e8vcs8._.js:776
[ 4396881ms] [INFO] %cDownload the React DevTools for a better development experience: https://react.dev/link/react-devtools font-weight:bold @ http://localhost:3217/_next/static/chunks/node_modules_next_dist_1e8vcs8._.js:776
[ 4396890ms] [LOG] [HMR] connected @ http://localhost:3217/_next/static/chunks/node_modules_next_dist_1e8vcs8._.js:776
[ 4398470ms] [INFO] %cDownload the React DevTools for a better development experience: https://react.dev/link/react-devtools font-weight:bold @ http://localhost:3217/_next/static/chunks/node_modules_next_dist_1e8vcs8._.js:776
[ 4398481ms] [LOG] [HMR] connected @ http://localhost:3217/_next/static/chunks/node_modules_next_dist_1e8vcs8._.js:776
[ 4399476ms] [INFO] %cDownload the React DevTools for a better development experience: https://react.dev/link/react-devtools font-weight:bold @ http://localhost:3217/_next/static/chunks/node_modules_next_dist_1e8vcs8._.js:776
[ 4399488ms] [LOG] [HMR] connected @ http://localhost:3217/_next/static/chunks/node_modules_next_dist_1e8vcs8._.js:776
[ 4400567ms] [WARNING] Realtime send() is automatically falling back to REST API. This behavior will be deprecated in the future. Please use httpSend() explicitly for REST delivery. @ http://localhost:3217/_next/static/chunks/node_modules_next_dist_1e8vcs8._.js:776
[ 4416661ms] [INFO] %cDownload the React DevTools for a better development experience: https://react.dev/link/react-devtools font-weight:bold @ http://localhost:3217/_next/static/chunks/node_modules_next_dist_1e8vcs8._.js:776
[ 4416669ms] [LOG] [HMR] connected @ http://localhost:3217/_next/static/chunks/node_modules_next_dist_1e8vcs8._.js:776
[ 4420766ms] [INFO] %cDownload the React DevTools for a better development experience: https://react.dev/link/react-devtools font-weight:bold @ http://localhost:3217/_next/static/chunks/node_modules_next_dist_1e8vcs8._.js:776
[ 4420774ms] [LOG] [HMR] connected @ http://localhost:3217/_next/static/chunks/node_modules_next_dist_1e8vcs8._.js:776
[ 4423911ms] [INFO] %cDownload the React DevTools for a better development experience: https://react.dev/link/react-devtools font-weight:bold @ http://localhost:3217/_next/static/chunks/node_modules_next_dist_1e8vcs8._.js:776
[ 4423923ms] [LOG] [HMR] connected @ http://localhost:3217/_next/static/chunks/node_modules_next_dist_1e8vcs8._.js:776
[ 4424588ms] [WARNING] Realtime send() is automatically falling back to REST API. This behavior will be deprecated in the future. Please use httpSend() explicitly for REST delivery. @ http://localhost:3217/_next/static/chunks/node_modules_next_dist_1e8vcs8._.js:776
[ 4429443ms] [INFO] %cDownload the React DevTools for a better development experience: https://react.dev/link/react-devtools font-weight:bold @ http://localhost:3217/_next/static/chunks/node_modules_next_dist_1e8vcs8._.js:776
[ 4429452ms] [LOG] [HMR] connected @ http://localhost:3217/_next/static/chunks/node_modules_next_dist_1e8vcs8._.js:776
[ 4431493ms] [INFO] %cDownload the React DevTools for a better development experience: https://react.dev/link/react-devtools font-weight:bold @ http://localhost:3217/_next/static/chunks/node_modules_next_dist_1e8vcs8._.js:776
[ 4431502ms] [LOG] [HMR] connected @ http://localhost:3217/_next/static/chunks/node_modules_next_dist_1e8vcs8._.js:776
[ 4476364ms] [INFO] %cDownload the React DevTools for a better development experience: https://react.dev/link/react-devtools font-weight:bold @ http://localhost:3217/_next/static/chunks/node_modules_next_dist_1e8vcs8._.js:776
[ 4476374ms] [LOG] [HMR] connected @ http://localhost:3217/_next/static/chunks/node_modules_next_dist_1e8vcs8._.js:776
[ 4480665ms] [INFO] %cDownload the React DevTools for a better development experience: https://react.dev/link/react-devtools font-weight:bold @ http://localhost:3217/_next/static/chunks/node_modules_next_dist_1e8vcs8._.js:776
[ 4480675ms] [LOG] [HMR] connected @ http://localhost:3217/_next/static/chunks/node_modules_next_dist_1e8vcs8._.js:776
[ 4483502ms] [INFO] %cDownload the React DevTools for a better development experience: https://react.dev/link/react-devtools font-weight:bold @ http://localhost:3217/_next/static/chunks/node_modules_next_dist_1e8vcs8._.js:776
[ 4483510ms] [LOG] [HMR] connected @ http://localhost:3217/_next/static/chunks/node_modules_next_dist_1e8vcs8._.js:776
[ 4484109ms] [WARNING] Realtime send() is automatically falling back to REST API. This behavior will be deprecated in the future. Please use httpSend() explicitly for REST delivery. @ http://localhost:3217/_next/static/chunks/node_modules_next_dist_1e8vcs8._.js:776
[ 4487726ms] [INFO] %cDownload the React DevTools for a better development experience: https://react.dev/link/react-devtools font-weight:bold @ http://localhost:3217/_next/static/chunks/node_modules_next_dist_1e8vcs8._.js:776
[ 4487736ms] [LOG] [HMR] connected @ http://localhost:3217/_next/static/chunks/node_modules_next_dist_1e8vcs8._.js:776
[ 4490655ms] [INFO] %cDownload the React DevTools for a better development experience: https://react.dev/link/react-devtools font-weight:bold @ http://localhost:3217/_next/static/chunks/node_modules_next_dist_1e8vcs8._.js:776
[ 4490665ms] [LOG] [HMR] connected @ http://localhost:3217/_next/static/chunks/node_modules_next_dist_1e8vcs8._.js:776
[ 4509020ms] [INFO] %cDownload the React DevTools for a better development experience: https://react.dev/link/react-devtools font-weight:bold @ http://localhost:3217/_next/static/chunks/node_modules_next_dist_1e8vcs8._.js:776
[ 4509030ms] [LOG] [HMR] connected @ http://localhost:3217/_next/static/chunks/node_modules_next_dist_1e8vcs8._.js:776
[ 4510300ms] [INFO] %cDownload the React DevTools for a better development experience: https://react.dev/link/react-devtools font-weight:bold @ http://localhost:3217/_next/static/chunks/node_modules_next_dist_1e8vcs8._.js:776
[ 4510312ms] [LOG] [HMR] connected @ http://localhost:3217/_next/static/chunks/node_modules_next_dist_1e8vcs8._.js:776
[ 4510842ms] [WARNING] Realtime send() is automatically falling back to REST API. This behavior will be deprecated in the future. Please use httpSend() explicitly for REST delivery. @ http://localhost:3217/_next/static/chunks/node_modules_next_dist_1e8vcs8._.js:776
[ 4520787ms] [ERROR] WebSocket connection to 'ws://localhost:3217/_next/hmr?id=tGQEOY9PVOPMmxuMtDSPb' failed:  @ http://localhost:3217/_next/static/chunks/node_modules_next_dist_client_0_90u2t._.js:16359
[ 4520787ms] [ERROR] WebSocket connection to 'wss://qcipqonnqajmazdbysow.supabase.co/realtime/v1/websocket?apikey=sb_publishable_mYzIh_mRlt5vdWqpNu1Ozg_JkUwnpGy&vsn=2.0.0' failed:  @ http://localhost:3217/_next/static/chunks/node_modules_13i10zw._.js:5535
[ 4521800ms] [ERROR] WebSocket connection to 'ws://localhost:3217/_next/hmr?id=tGQEOY9PVOPMmxuMtDSPb' failed: Error in connection establishment: net::ERR_CONNECTION_REFUSED @ http://localhost:3217/_next/static/chunks/node_modules_next_dist_client_0_90u2t._.js:16359
[ 4522804ms] [ERROR] WebSocket connection to 'ws://localhost:3217/_next/hmr?id=tGQEOY9PVOPMmxuMtDSPb' failed: Error in connection establishment: net::ERR_CONNECTION_REFUSED @ http://localhost:3217/_next/static/chunks/node_modules_next_dist_client_0_90u2t._.js:16359
[ 4523810ms] [ERROR] WebSocket connection to 'ws://localhost:3217/_next/hmr?id=tGQEOY9PVOPMmxuMtDSPb' failed: Error in connection establishment: net::ERR_CONNECTION_REFUSED @ http://localhost:3217/_next/static/chunks/node_modules_next_dist_client_0_90u2t._.js:16359
[ 4524814ms] [ERROR] WebSocket connection to 'ws://localhost:3217/_next/hmr?id=tGQEOY9PVOPMmxuMtDSPb' failed: Error in connection establishment: net::ERR_CONNECTION_REFUSED @ http://localhost:3217/_next/static/chunks/node_modules_next_dist_client_0_90u2t._.js:16359
[ 4525821ms] [ERROR] WebSocket connection to 'ws://localhost:3217/_next/hmr?id=tGQEOY9PVOPMmxuMtDSPb' failed: Error in connection establishment: net::ERR_CONNECTION_REFUSED @ http://localhost:3217/_next/static/chunks/node_modules_next_dist_client_0_90u2t._.js:16359
[ 4530828ms] [ERROR] WebSocket connection to 'ws://localhost:3217/_next/hmr?id=tGQEOY9PVOPMmxuMtDSPb' failed: Error in connection establishment: net::ERR_CONNECTION_REFUSED @ http://localhost:3217/_next/static/chunks/node_modules_next_dist_client_0_90u2t._.js:16359
[ 4535834ms] [ERROR] WebSocket connection to 'ws://localhost:3217/_next/hmr?id=tGQEOY9PVOPMmxuMtDSPb' failed: Error in connection establishment: net::ERR_CONNECTION_REFUSED @ http://localhost:3217/_next/static/chunks/node_modules_next_dist_client_0_90u2t._.js:16359
[ 4540840ms] [ERROR] WebSocket connection to 'ws://localhost:3217/_next/hmr?id=tGQEOY9PVOPMmxuMtDSPb' failed: Error in connection establishment: net::ERR_CONNECTION_REFUSED @ http://localhost:3217/_next/static/chunks/node_modules_next_dist_client_0_90u2t._.js:16359
[ 4545848ms] [ERROR] WebSocket connection to 'ws://localhost:3217/_next/hmr?id=tGQEOY9PVOPMmxuMtDSPb' failed: Error in connection establishment: net::ERR_CONNECTION_REFUSED @ http://localhost:3217/_next/static/chunks/node_modules_next_dist_client_0_90u2t._.js:16359
[ 4550855ms] [ERROR] WebSocket connection to 'ws://localhost:3217/_next/hmr?id=tGQEOY9PVOPMmxuMtDSPb' failed: Error in connection establishment: net::ERR_CONNECTION_REFUSED @ http://localhost:3217/_next/static/chunks/node_modules_next_dist_client_0_90u2t._.js:16359
[ 4555867ms] [ERROR] WebSocket connection to 'ws://localhost:3217/_next/hmr?id=tGQEOY9PVOPMmxuMtDSPb' failed: Error in connection establishment: net::ERR_CONNECTION_REFUSED @ http://localhost:3217/_next/static/chunks/node_modules_next_dist_client_0_90u2t._.js:16359
[ 4560874ms] [ERROR] WebSocket connection to 'ws://localhost:3217/_next/hmr?id=tGQEOY9PVOPMmxuMtDSPb' failed: Error in connection establishment: net::ERR_CONNECTION_REFUSED @ http://localhost:3217/_next/static/chunks/node_modules_next_dist_client_0_90u2t._.js:16359
[ 4841234ms] [ERROR] Failed to load resource: the server responded with a status of 404 (Not Found) @ http://localhost:3217/dev-login?email=demo%2Bclient%40goodguys.test:0
[ 4842674ms] [INFO] %cDownload the React DevTools for a better development experience: https://react.dev/link/react-devtools font-weight:bold @ http://localhost:3217/_next/static/chunks/node_modules_next_dist_1e8vcs8._.js:776
[ 4842688ms] [LOG] [HMR] connected @ http://localhost:3217/_next/static/chunks/node_modules_next_dist_1e8vcs8._.js:776
[ 4888891ms] [INFO] %cDownload the React DevTools for a better development experience: https://react.dev/link/react-devtools font-weight:bold @ http://localhost:3217/_next/static/chunks/node_modules_next_dist_1e8vcs8._.js:776
[ 4888904ms] [LOG] [HMR] connected @ http://localhost:3217/_next/static/chunks/node_modules_next_dist_1e8vcs8._.js:776
[ 4893757ms] [INFO] %cDownload the React DevTools for a better development experience: https://react.dev/link/react-devtools font-weight:bold @ http://localhost:3217/_next/static/chunks/node_modules_next_dist_1e8vcs8._.js:776
[ 4893766ms] [LOG] [HMR] connected @ http://localhost:3217/_next/static/chunks/node_modules_next_dist_1e8vcs8._.js:776
[ 4912805ms] [ERROR] WebSocket connection to 'ws://localhost:3217/_next/hmr?id=1AclrO4PaDBahyUBl77A1' failed:  @ http://localhost:3217/_next/static/chunks/node_modules_next_dist_client_0_90u2t._.js:16359
[ 4913816ms] [ERROR] WebSocket connection to 'ws://localhost:3217/_next/hmr?id=1AclrO4PaDBahyUBl77A1' failed: Error in connection establishment: net::ERR_CONNECTION_REFUSED @ http://localhost:3217/_next/static/chunks/node_modules_next_dist_client_0_90u2t._.js:16359
[ 4914819ms] [ERROR] WebSocket connection to 'ws://localhost:3217/_next/hmr?id=1AclrO4PaDBahyUBl77A1' failed: Error in connection establishment: net::ERR_CONNECTION_REFUSED @ http://localhost:3217/_next/static/chunks/node_modules_next_dist_client_0_90u2t._.js:16359
[ 4915821ms] [ERROR] WebSocket connection to 'ws://localhost:3217/_next/hmr?id=1AclrO4PaDBahyUBl77A1' failed: Error in connection establishment: net::ERR_CONNECTION_REFUSED @ http://localhost:3217/_next/static/chunks/node_modules_next_dist_client_0_90u2t._.js:16359
[ 4916824ms] [ERROR] WebSocket connection to 'ws://localhost:3217/_next/hmr?id=1AclrO4PaDBahyUBl77A1' failed: Error in connection establishment: net::ERR_CONNECTION_REFUSED @ http://localhost:3217/_next/static/chunks/node_modules_next_dist_client_0_90u2t._.js:16359
[ 4917831ms] [ERROR] WebSocket connection to 'ws://localhost:3217/_next/hmr?id=1AclrO4PaDBahyUBl77A1' failed: Error in connection establishment: net::ERR_CONNECTION_REFUSED @ http://localhost:3217/_next/static/chunks/node_modules_next_dist_client_0_90u2t._.js:16359
[ 4922837ms] [ERROR] WebSocket connection to 'ws://localhost:3217/_next/hmr?id=1AclrO4PaDBahyUBl77A1' failed: Error in connection establishment: net::ERR_CONNECTION_REFUSED @ http://localhost:3217/_next/static/chunks/node_modules_next_dist_client_0_90u2t._.js:16359
[ 4927844ms] [ERROR] WebSocket connection to 'ws://localhost:3217/_next/hmr?id=1AclrO4PaDBahyUBl77A1' failed: Error in connection establishment: net::ERR_CONNECTION_REFUSED @ http://localhost:3217/_next/static/chunks/node_modules_next_dist_client_0_90u2t._.js:16359
[ 4932861ms] [ERROR] WebSocket connection to 'ws://localhost:3217/_next/hmr?id=1AclrO4PaDBahyUBl77A1' failed: Error in connection establishment: net::ERR_CONNECTION_REFUSED @ http://localhost:3217/_next/static/chunks/node_modules_next_dist_client_0_90u2t._.js:16359
[ 4937891ms] [ERROR] WebSocket connection to 'ws://localhost:3217/_next/hmr?id=1AclrO4PaDBahyUBl77A1' failed: Error in connection establishment: net::ERR_CONNECTION_REFUSED @ http://localhost:3217/_next/static/chunks/node_modules_next_dist_client_0_90u2t._.js:16359
[ 4942917ms] [ERROR] WebSocket connection to 'ws://localhost:3217/_next/hmr?id=1AclrO4PaDBahyUBl77A1' failed: Error in connection establishment: net::ERR_CONNECTION_REFUSED @ http://localhost:3217/_next/static/chunks/node_modules_next_dist_client_0_90u2t._.js:16359
[ 4947983ms] [ERROR] WebSocket connection to 'ws://localhost:3217/_next/hmr?id=1AclrO4PaDBahyUBl77A1' failed: Error in connection establishment: net::ERR_CONNECTION_REFUSED @ http://localhost:3217/_next/static/chunks/node_modules_next_dist_client_0_90u2t._.js:16359
[ 4953125ms] [ERROR] WebSocket connection to 'ws://localhost:3217/_next/hmr?id=1AclrO4PaDBahyUBl77A1' failed: Error in connection establishment: net::ERR_CONNECTION_REFUSED @ http://localhost:3217/_next/static/chunks/node_modules_next_dist_client_0_90u2t._.js:16359
[ 5187946ms] [ERROR] Failed to load resource: the server responded with a status of 404 (Not Found) @ http://localhost:3217/dev-login?email=demo%2Bclient%40goodguys.test:0
[ 5190075ms] [INFO] %cDownload the React DevTools for a better development experience: https://react.dev/link/react-devtools font-weight:bold @ http://localhost:3217/_next/static/chunks/node_modules_next_dist_1e8vcs8._.js:776
[ 5190088ms] [LOG] [HMR] connected @ http://localhost:3217/_next/static/chunks/node_modules_next_dist_1e8vcs8._.js:776
[ 5194424ms] [INFO] %cDownload the React DevTools for a better development experience: https://react.dev/link/react-devtools font-weight:bold @ http://localhost:3217/_next/static/chunks/node_modules_next_dist_1e8vcs8._.js:776
[ 5194433ms] [LOG] [HMR] connected @ http://localhost:3217/_next/static/chunks/node_modules_next_dist_1e8vcs8._.js:776
[ 5199688ms] [LOG] [Fast Refresh] rebuilding @ http://localhost:3217/_next/static/chunks/node_modules_next_dist_1e8vcs8._.js:776
[ 5200215ms] [LOG] [Fast Refresh] done in 627ms @ http://localhost:3217/_next/static/chunks/node_modules_next_dist_1e8vcs8._.js:776
[ 5202045ms] [INFO] %cDownload the React DevTools for a better development experience: https://react.dev/link/react-devtools font-weight:bold @ http://localhost:3217/_next/static/chunks/node_modules_next_dist_1e8vcs8._.js:776
[ 5202053ms] [LOG] [HMR] connected @ http://localhost:3217/_next/static/chunks/node_modules_next_dist_1e8vcs8._.js:776
[ 5215399ms] [ERROR] WebSocket connection to 'ws://localhost:3217/_next/hmr?id=Sw8u9CFToBLeHBW_Wgobl' failed:  @ http://localhost:3217/_next/static/chunks/node_modules_next_dist_client_0_90u2t._.js:16359
[ 5216403ms] [ERROR] WebSocket connection to 'ws://localhost:3217/_next/hmr?id=Sw8u9CFToBLeHBW_Wgobl' failed: Error in connection establishment: net::ERR_CONNECTION_REFUSED @ http://localhost:3217/_next/static/chunks/node_modules_next_dist_client_0_90u2t._.js:16359
[ 5217405ms] [ERROR] WebSocket connection to 'ws://localhost:3217/_next/hmr?id=Sw8u9CFToBLeHBW_Wgobl' failed: Error in connection establishment: net::ERR_CONNECTION_REFUSED @ http://localhost:3217/_next/static/chunks/node_modules_next_dist_client_0_90u2t._.js:16359
[ 5218408ms] [ERROR] WebSocket connection to 'ws://localhost:3217/_next/hmr?id=Sw8u9CFToBLeHBW_Wgobl' failed: Error in connection establishment: net::ERR_CONNECTION_REFUSED @ http://localhost:3217/_next/static/chunks/node_modules_next_dist_client_0_90u2t._.js:16359
[ 5219412ms] [ERROR] WebSocket connection to 'ws://localhost:3217/_next/hmr?id=Sw8u9CFToBLeHBW_Wgobl' failed: Error in connection establishment: net::ERR_CONNECTION_REFUSED @ http://localhost:3217/_next/static/chunks/node_modules_next_dist_client_0_90u2t._.js:16359
[ 5220419ms] [ERROR] WebSocket connection to 'ws://localhost:3217/_next/hmr?id=Sw8u9CFToBLeHBW_Wgobl' failed: Error in connection establishment: net::ERR_CONNECTION_REFUSED @ http://localhost:3217/_next/static/chunks/node_modules_next_dist_client_0_90u2t._.js:16359
[ 5225429ms] [ERROR] WebSocket connection to 'ws://localhost:3217/_next/hmr?id=Sw8u9CFToBLeHBW_Wgobl' failed: Error in connection establishment: net::ERR_CONNECTION_REFUSED @ http://localhost:3217/_next/static/chunks/node_modules_next_dist_client_0_90u2t._.js:16359
[ 5230440ms] [ERROR] WebSocket connection to 'ws://localhost:3217/_next/hmr?id=Sw8u9CFToBLeHBW_Wgobl' failed: Error in connection establishment: net::ERR_CONNECTION_REFUSED @ http://localhost:3217/_next/static/chunks/node_modules_next_dist_client_0_90u2t._.js:16359
[ 5235465ms] [ERROR] WebSocket connection to 'ws://localhost:3217/_next/hmr?id=Sw8u9CFToBLeHBW_Wgobl' failed: Error in connection establishment: net::ERR_CONNECTION_REFUSED @ http://localhost:3217/_next/static/chunks/node_modules_next_dist_client_0_90u2t._.js:16359
[ 5240497ms] [ERROR] WebSocket connection to 'ws://localhost:3217/_next/hmr?id=Sw8u9CFToBLeHBW_Wgobl' failed: Error in connection establishment: net::ERR_CONNECTION_REFUSED @ http://localhost:3217/_next/static/chunks/node_modules_next_dist_client_0_90u2t._.js:16359
[ 5245545ms] [ERROR] WebSocket connection to 'ws://localhost:3217/_next/hmr?id=Sw8u9CFToBLeHBW_Wgobl' failed: Error in connection establishment: net::ERR_CONNECTION_REFUSED @ http://localhost:3217/_next/static/chunks/node_modules_next_dist_client_0_90u2t._.js:16359
[ 5250617ms] [ERROR] WebSocket connection to 'ws://localhost:3217/_next/hmr?id=Sw8u9CFToBLeHBW_Wgobl' failed: Error in connection establishment: net::ERR_CONNECTION_REFUSED @ http://localhost:3217/_next/static/chunks/node_modules_next_dist_client_0_90u2t._.js:16359
[ 5255745ms] [ERROR] WebSocket connection to 'ws://localhost:3217/_next/hmr?id=Sw8u9CFToBLeHBW_Wgobl' failed: Error in connection establishment: net::ERR_CONNECTION_REFUSED @ http://localhost:3217/_next/static/chunks/node_modules_next_dist_client_0_90u2t._.js:16359
